// Jest Snapshot v1, https://goo.gl/fbAQLP

exports[`should test Header component 1`] = `
<div
  className="Title"
>
  <h3>
    Downloader
  </h3>
</div>
`;
