// Jest Snapshot v1, https://goo.gl/fbAQLP

exports[`should test Top Bar 1`] = `
<Fragment>
  <div
    className="topBar"
  >
    <div
      className="selectionArea"
    />
  </div>
</Fragment>
`;
